<html>
<body>
<pre>
<h1>µVision Build Log</h1>
<h2>Tool Versions:</h2>
IDE-Version: µVision V5.17.0.0
Copyright (C) 2015 ARM Ltd and ARM Germany GmbH. All rights reserved.
License Information: Kha Nguyen Tran, UIT, LIC=SDAPC-7S9TU-2LYCT-RXUZV-81HVI-76P5P
 
Tool Versions:
Toolchain:       MDK-ARM Standard  Version: 5.17
Toolchain Path:  C:\Keil_v5\ARM\ARMCC\Bin
C Compiler:      Armcc.exe V5.06 update 1 (build 61)
Assembler:       Armasm.exe V5.06 update 1 (build 61)
Linker/Locator:  ArmLink.exe V5.06 update 1 (build 61)
Library Manager: ArmAr.exe V5.06 update 1 (build 61)
Hex Converter:   FromElf.exe V5.06 update 1 (build 61)
CPU DLL:         SARMCM3.DLL V5.17
Dialog DLL:      DCM.DLL V1.13.4.0
Target DLL:      STLink\ST-LINKIII-KEIL_SWO.dll V2.0.18.0
Dialog DLL:      TCM.DLL V1.14.6.0
 
<h2>Project:</h2>
D:\Project\LedHeart\Source\LedHeart.uvprojx
Project File Date:  07/23/2019

<h2>Output:</h2>
*** Using Compiler 'V5.06 update 1 (build 61)', folder: 'C:\Keil_v5\ARM\ARMCC\Bin'
Rebuild target 'Target 1'
compiling misc.c...
compiling main.c...
NeoPixel.h(34): warning:  #1295-D: Deprecated declaration test - give arg types
  void test();
NeoPixel.h(35): warning:  #1295-D: Deprecated declaration test2 - give arg types
  void test2();
main.c: 2 warnings, 0 errors
compiling NeoPixel.c...
NeoPixel.h(34): warning:  #1295-D: Deprecated declaration test - give arg types
  void test();
NeoPixel.h(35): warning:  #1295-D: Deprecated declaration test2 - give arg types
  void test2();
NeoPixel.c: 2 warnings, 0 errors
compiling stm32f10x_dma.c...
compiling stm32f10x_adc.c...
compiling stm32f10x_gpio.c...
assembling startup_stm32f10x_md.s...
compiling stm32f10x_rcc.c...
compiling system_stm32f10x.c...
compiling stm32f10x_tim.c...
linking...
Program Size: Code=2908 RO-data=252 RW-data=0 ZI-data=1808  
".\Objects\LedHeart.axf" - 0 Error(s), 4 Warning(s).

<h2>Software Packages used:</h2>

Package Vendor: ARM
                http://www.keil.com/pack/ARM.CMSIS.5.4.0.pack
                ARM::CMSIS:CORE:5.1.2
                CMSIS (Cortex Microcontroller Software Interface Standard)
   * Component: CORE Version: 5.1.2

Package Vendor: Keil
                http://www.keil.com/pack/Keil.STM32F1xx_DFP.2.2.0.pack
                Keil::Device:StdPeriph Drivers:Framework:3.5.1
                STMicroelectronics STM32F1 Series Device Support, Drivers and Examples
   * Component: Framework Version: 3.5.1
   * Component: ADC Version: 3.5.0
   * Component: Startup Version: 1.0.0
   * Component: DMA Version: 3.5.0
   * Component: TIM Version: 3.5.0
   * Component: RCC Version: 3.5.0
   * Component: GPIO Version: 3.5.0

<h2>Collection of Component include folders:</h2>
  D:\Project\LedHeart\Source\RTE
  D:\Project\LedHeart\Source\RTE\Device\STM32F103C8
  C:\Keil_v5\ARM\PACK\ARM\CMSIS\5.4.0\CMSIS\Core\Include
  C:\Keil_v5\ARM\PACK\Keil\STM32F1xx_DFP\2.2.0\Device\Include
  C:\Keil_v5\ARM\PACK\Keil\STM32F1xx_DFP\2.2.0\Device\StdPeriph_Driver\inc

<h2>Collection of Component Files used:</h2>

   * Component: ARM::CMSIS:CORE:5.1.2

   * Component: Keil::Device:StdPeriph Drivers:Framework:3.5.1
      Source file:   Device\StdPeriph_Driver\templates\stm32f10x_it.c
      Include file:  Device\StdPeriph_Driver\inc\misc.h
      Source file:   Device\StdPeriph_Driver\templates\stm32f10x_conf.h
      Source file:   Device\StdPeriph_Driver\src\misc.c
      Include file:  Device\StdPeriph_Driver\templates\stm32f10x_it.h

   * Component: Keil::Device:StdPeriph Drivers:ADC:3.5.0
      Include file:  Device\StdPeriph_Driver\inc\stm32f10x_adc.h
      Source file:   Device\StdPeriph_Driver\src\stm32f10x_adc.c

   * Component: Keil::Device:Startup:1.0.0
      Source file:   Device\Source\ARM\startup_stm32f10x_md.s
      Source file:   Device\Source\system_stm32f10x.c
      Source file:   Device\Source\ARM\STM32F1xx_OPT.s
      Include file:  RTE_Driver\Config\RTE_Device.h

   * Component: Keil::Device:StdPeriph Drivers:DMA:3.5.0
      Include file:  Device\StdPeriph_Driver\inc\stm32f10x_dma.h
      Source file:   Device\StdPeriph_Driver\src\stm32f10x_dma.c

   * Component: Keil::Device:StdPeriph Drivers:TIM:3.5.0
      Source file:   Device\StdPeriph_Driver\src\stm32f10x_tim.c
      Include file:  Device\StdPeriph_Driver\inc\stm32f10x_tim.h

   * Component: Keil::Device:StdPeriph Drivers:RCC:3.5.0
      Source file:   Device\StdPeriph_Driver\src\stm32f10x_rcc.c
      Include file:  Device\StdPeriph_Driver\inc\stm32f10x_rcc.h

   * Component: Keil::Device:StdPeriph Drivers:GPIO:3.5.0
      Include file:  Device\StdPeriph_Driver\inc\stm32f10x_gpio.h
      Source file:   Device\StdPeriph_Driver\src\stm32f10x_gpio.c
Build Time Elapsed:  00:00:03
</pre>
</body>
</html>
